[INFO] Scanning for projects...
[INFO] 
[INFO] -----------------< com.bridgelabz:EmployeePayrollApp >------------------
[INFO] Building  0.0.1-SNAPSHOT
[INFO]   from pom.xml
[INFO] --------------------------------[ jar ]---------------------------------
[INFO] 
[INFO] --- clean:3.5.0:clean (default-clean) @ EmployeePayrollApp ---
[INFO] Deleting D:\idealcij\EmployeePayrollApp\EmployeePayrollApp\target
[INFO] 
[INFO] --- resources:3.3.1:resources (default-resources) @ EmployeePayrollApp ---
[INFO] Copying 3 resources from src\main\resources to target\classes
[INFO] Copying 0 resource from src\main\resources to target\classes
[INFO] 
[INFO] --- compiler:3.14.1:compile (default-compile) @ EmployeePayrollApp ---
[INFO] Recompiling the module because of changed source code.
[INFO] Compiling 9 source files with javac [debug parameters release 17] to target\classes
mvn : WARNING: A terminally deprecated method in 
sun.misc.Unsafe has been called
At line:1 char:1
+ mvn clean compile > 
d:\idealcij\EmployeePayrollApp\build_output.txt 2 
...
+ ~~~~~~~~~~~~~~~~~~~~~~~~~~~~~~~~~~~~~~~~~~~~~~~~~~
~~~~~~~~~~~~~~~~~~~
    + CategoryInfo          : NotSpecified: (WARNIN 
   G: A term...has been called:String) [], RemoteE  
  xception
    + FullyQualifiedErrorId : NativeCommandError
 
WARNING: sun.misc.Unsafe::objectFieldOffset has 
been called by lombok.permit.Permit
WARNING: Please consider reporting this to the 
maintainers of class lombok.permit.Permit
WARNING: sun.misc.Unsafe::objectFieldOffset will be 
removed in a future release
[INFO] ------------------------------------------------------------------------
[INFO] BUILD SUCCESS
[INFO] ------------------------------------------------------------------------
[INFO] Total time:  7.413 s
[INFO] Finished at: 2026-04-07T11:22:38+05:30
[INFO] ------------------------------------------------------------------------
